// Jest Snapshot v1, https://goo.gl/fbAQLP

exports[`<Controls /> renders correctly 1`] = `
Array [
  <section>
    Player 1
    <br />
    Turn: 
    Yes
    <br />
    Points: 
    0
  </section>,
  <section
    id="controls"
  >
    <span
      className="white"
    >
      Current Turn: 
      0
    </span>
    <button
      disabled={false}
      onClick={[Function]}
      type="button"
    >
      Play
    </button>
    <button
      onClick={[Function]}
    >
      Return Tiles
    </button>
  </section>,
  <section>
    Player 2
    <br />
    Turn: 
    No
    <br />
    Points: 
    0
  </section>,
]
`;
