// Jest Snapshot v1, https://goo.gl/fbAQLP

exports[`<Controls /> renders correctly 1`] = `
Array [
  <section>
    Turn: 
    Yes
    , Points: 
    0
  </section>,
  <section
    id="controls"
  >
    <span
      className="white"
    >
      Current Turn: 
      0
    </span>
    <button
      onClick={[Function]}
      type="button"
    >
      Play
    </button>
  </section>,
  <section>
    Turn: 
    No
    , Points: 
    0
  </section>,
]
`;
