// Jest Snapshot v1, https://goo.gl/fbAQLP

exports[`<Game /> renders properly 1`] = `
<div
  id="gameContainer"
>
  <div
    className="tileHand"
  >
    <div
      className="tileHolder"
      onDragOver={[Function]}
      onDrop={[Function]}
    >
      <div
        className="tileContainer"
        draggable={true}
        onDragEnd={[Function]}
        onDragStart={[Function]}
      >
        <div
          className="tile"
        >
          <span
            className="points"
          >
            2
          </span>
          <span
            className="letter"
          >
            L
          </span>
        </div>
      </div>
    </div>
    <div
      className="tileHolder"
      onDragOver={[Function]}
      onDrop={[Function]}
    >
      <div
        className="tileContainer"
        draggable={true}
        onDragEnd={[Function]}
        onDragStart={[Function]}
      >
        <div
          className="tile"
        >
          <span
            className="points"
          >
            5
          </span>
          <span
            className="letter"
          >
            K
          </span>
        </div>
      </div>
    </div>
    <div
      className="tileHolder"
      onDragOver={[Function]}
      onDrop={[Function]}
    >
      <div
        className="tileContainer"
        draggable={true}
        onDragEnd={[Function]}
        onDragStart={[Function]}
      >
        <div
          className="tile"
        >
          <span
            className="points"
          >
            2
          </span>
          <span
            className="letter"
          >
            L
          </span>
        </div>
      </div>
    </div>
    <div
      className="tileHolder"
      onDragOver={[Function]}
      onDrop={[Function]}
    >
      <div
        className="tileContainer"
        draggable={true}
        onDragEnd={[Function]}
        onDragStart={[Function]}
      >
        <div
          className="tile"
        >
          <span
            className="points"
          >
            10
          </span>
          <span
            className="letter"
          >
            J
          </span>
        </div>
      </div>
    </div>
    <div
      className="tileHolder"
      onDragOver={[Function]}
      onDrop={[Function]}
    >
      <div
        className="tileContainer"
        draggable={true}
        onDragEnd={[Function]}
        onDragStart={[Function]}
      >
        <div
          className="tile"
        >
          <span
            className="points"
          >
            2
          </span>
          <span
            className="letter"
          >
            L
          </span>
        </div>
      </div>
    </div>
    <div
      className="tileHolder"
      onDragOver={[Function]}
      onDrop={[Function]}
    >
      <div
        className="tileContainer"
        draggable={true}
        onDragEnd={[Function]}
        onDragStart={[Function]}
      >
        <div
          className="tile"
        >
          <span
            className="points"
          >
            1
          </span>
          <span
            className="letter"
          >
            I
          </span>
        </div>
      </div>
    </div>
    <div
      className="tileHolder"
      onDragOver={[Function]}
      onDrop={[Function]}
    >
      <div
        className="tileContainer"
        draggable={true}
        onDragEnd={[Function]}
        onDragStart={[Function]}
      >
        <div
          className="tile"
        >
          <span
            className="points"
          >
            2
          </span>
          <span
            className="letter"
          >
            L
          </span>
        </div>
      </div>
    </div>
  </div>
  <div
    className="wrapper"
  >
    <div
      className="tileHolder"
      onDragOver={[Function]}
      onDrop={[Function]}
    >
      <span>
        
      </span>
    </div>
    <div
      className="tileHolder"
      onDragOver={[Function]}
      onDrop={[Function]}
    >
      <span>
        
      </span>
    </div>
    <div
      className="tileHolder"
      onDragOver={[Function]}
      onDrop={[Function]}
    >
      <span>
        
      </span>
    </div>
    <div
      className="tileHolder"
      onDragOver={[Function]}
      onDrop={[Function]}
    >
      <span>
        
      </span>
    </div>
    <div
      className="tileHolder"
      onDragOver={[Function]}
      onDrop={[Function]}
    >
      <span>
        
      </span>
    </div>
    <div
      className="tileHolder"
      onDragOver={[Function]}
      onDrop={[Function]}
    >
      <span>
        
      </span>
    </div>
    <div
      className="tileHolder"
      onDragOver={[Function]}
      onDrop={[Function]}
    >
      <span>
        
      </span>
    </div>
    <div
      className="tileHolder"
      onDragOver={[Function]}
      onDrop={[Function]}
    >
      <span>
        
      </span>
    </div>
    <div
      className="tileHolder"
      onDragOver={[Function]}
      onDrop={[Function]}
    >
      <span>
        
      </span>
    </div>
    <div
      className="tileHolder"
      onDragOver={[Function]}
      onDrop={[Function]}
    >
      <span>
        
      </span>
    </div>
    <div
      className="tileHolder"
      onDragOver={[Function]}
      onDrop={[Function]}
    >
      <span>
        
      </span>
    </div>
    <div
      className="tileHolder"
      onDragOver={[Function]}
      onDrop={[Function]}
    >
      <span>
        
      </span>
    </div>
    <div
      className="tileHolder"
      onDragOver={[Function]}
      onDrop={[Function]}
    >
      <span>
        
      </span>
    </div>
    <div
      className="tileHolder"
      onDragOver={[Function]}
      onDrop={[Function]}
    >
      <span>
        
      </span>
    </div>
    <div
      className="tileHolder"
      onDragOver={[Function]}
      onDrop={[Function]}
    >
      <span>
        
      </span>
    </div>
    <div
      className="tileHolder"
      onDragOver={[Function]}
      onDrop={[Function]}
    >
      <span>
        
      </span>
    </div>
    <div
      className="tileHolder"
      onDragOver={[Function]}
      onDrop={[Function]}
    >
      <span>
        
      </span>
    </div>
    <div
      className="tileHolder"
      onDragOver={[Function]}
      onDrop={[Function]}
    >
      <span>
        
      </span>
    </div>
    <div
      className="tileHolder"
      onDragOver={[Function]}
      onDrop={[Function]}
    >
      <span>
        
      </span>
    </div>
    <div
      className="tileHolder"
      onDragOver={[Function]}
      onDrop={[Function]}
    >
      <span>
        
      </span>
    </div>
    <div
      className="tileHolder"
      onDragOver={[Function]}
      onDrop={[Function]}
    >
      <span>
        
      </span>
    </div>
    <div
      className="tileHolder"
      onDragOver={[Function]}
      onDrop={[Function]}
    >
      <span>
        
      </span>
    </div>
    <div
      className="tileHolder"
      onDragOver={[Function]}
      onDrop={[Function]}
    >
      <span>
        
      </span>
    </div>
    <div
      className="tileHolder"
      onDragOver={[Function]}
      onDrop={[Function]}
    >
      <span>
        
      </span>
    </div>
    <div
      className="tileHolder"
      onDragOver={[Function]}
      onDrop={[Function]}
    >
      <span>
        
      </span>
    </div>
    <div
      className="tileHolder"
      onDragOver={[Function]}
      onDrop={[Function]}
    >
      <span>
        
      </span>
    </div>
    <div
      className="tileHolder"
      onDragOver={[Function]}
      onDrop={[Function]}
    >
      <span>
        
      </span>
    </div>
    <div
      className="tileHolder"
      onDragOver={[Function]}
      onDrop={[Function]}
    >
      <span>
        
      </span>
    </div>
    <div
      className="tileHolder"
      onDragOver={[Function]}
      onDrop={[Function]}
    >
      <span>
        
      </span>
    </div>
    <div
      className="tileHolder"
      onDragOver={[Function]}
      onDrop={[Function]}
    >
      <span>
        
      </span>
    </div>
    <div
      className="tileHolder"
      onDragOver={[Function]}
      onDrop={[Function]}
    >
      <span>
        
      </span>
    </div>
    <div
      className="tileHolder"
      onDragOver={[Function]}
      onDrop={[Function]}
    >
      <span>
        
      </span>
    </div>
    <div
      className="tileHolder"
      onDragOver={[Function]}
      onDrop={[Function]}
    >
      <span>
        
      </span>
    </div>
    <div
      className="tileHolder"
      onDragOver={[Function]}
      onDrop={[Function]}
    >
      <span>
        
      </span>
    </div>
    <div
      className="tileHolder"
      onDragOver={[Function]}
      onDrop={[Function]}
    >
      <span>
        
      </span>
    </div>
    <div
      className="tileHolder"
      onDragOver={[Function]}
      onDrop={[Function]}
    >
      <span>
        
      </span>
    </div>
    <div
      className="tileHolder"
      onDragOver={[Function]}
      onDrop={[Function]}
    >
      <span>
        
      </span>
    </div>
    <div
      className="tileHolder"
      onDragOver={[Function]}
      onDrop={[Function]}
    >
      <span>
        
      </span>
    </div>
    <div
      className="tileHolder"
      onDragOver={[Function]}
      onDrop={[Function]}
    >
      <span>
        
      </span>
    </div>
    <div
      className="tileHolder"
      onDragOver={[Function]}
      onDrop={[Function]}
    >
      <span>
        
      </span>
    </div>
    <div
      className="tileHolder"
      onDragOver={[Function]}
      onDrop={[Function]}
    >
      <span>
        
      </span>
    </div>
    <div
      className="tileHolder"
      onDragOver={[Function]}
      onDrop={[Function]}
    >
      <span>
        
      </span>
    </div>
    <div
      className="tileHolder"
      onDragOver={[Function]}
      onDrop={[Function]}
    >
      <span>
        
      </span>
    </div>
    <div
      className="tileHolder"
      onDragOver={[Function]}
      onDrop={[Function]}
    >
      <span>
        
      </span>
    </div>
    <div
      className="tileHolder"
      onDragOver={[Function]}
      onDrop={[Function]}
    >
      <span>
        
      </span>
    </div>
    <div
      className="tileHolder"
      onDragOver={[Function]}
      onDrop={[Function]}
    >
      <span>
        
      </span>
    </div>
    <div
      className="tileHolder"
      onDragOver={[Function]}
      onDrop={[Function]}
    >
      <span>
        
      </span>
    </div>
    <div
      className="tileHolder"
      onDragOver={[Function]}
      onDrop={[Function]}
    >
      <span>
        
      </span>
    </div>
    <div
      className="tileHolder"
      onDragOver={[Function]}
      onDrop={[Function]}
    >
      <span>
        
      </span>
    </div>
    <div
      className="tileHolder"
      onDragOver={[Function]}
      onDrop={[Function]}
    >
      <span>
        
      </span>
    </div>
    <div
      className="tileHolder"
      onDragOver={[Function]}
      onDrop={[Function]}
    >
      <span>
        
      </span>
    </div>
    <div
      className="tileHolder"
      onDragOver={[Function]}
      onDrop={[Function]}
    >
      <span>
        
      </span>
    </div>
    <div
      className="tileHolder"
      onDragOver={[Function]}
      onDrop={[Function]}
    >
      <span>
        
      </span>
    </div>
    <div
      className="tileHolder"
      onDragOver={[Function]}
      onDrop={[Function]}
    >
      <span>
        
      </span>
    </div>
    <div
      className="tileHolder"
      onDragOver={[Function]}
      onDrop={[Function]}
    >
      <span>
        
      </span>
    </div>
    <div
      className="tileHolder"
      onDragOver={[Function]}
      onDrop={[Function]}
    >
      <span>
        
      </span>
    </div>
    <div
      className="tileHolder"
      onDragOver={[Function]}
      onDrop={[Function]}
    >
      <span>
        
      </span>
    </div>
    <div
      className="tileHolder"
      onDragOver={[Function]}
      onDrop={[Function]}
    >
      <span>
        
      </span>
    </div>
    <div
      className="tileHolder"
      onDragOver={[Function]}
      onDrop={[Function]}
    >
      <span>
        
      </span>
    </div>
    <div
      className="tileHolder"
      onDragOver={[Function]}
      onDrop={[Function]}
    >
      <span>
        
      </span>
    </div>
    <div
      className="tileHolder"
      onDragOver={[Function]}
      onDrop={[Function]}
    >
      <span>
        
      </span>
    </div>
    <div
      className="tileHolder"
      onDragOver={[Function]}
      onDrop={[Function]}
    >
      <span>
        
      </span>
    </div>
    <div
      className="tileHolder"
      onDragOver={[Function]}
      onDrop={[Function]}
    >
      <span>
        
      </span>
    </div>
    <div
      className="tileHolder"
      onDragOver={[Function]}
      onDrop={[Function]}
    >
      <span>
        
      </span>
    </div>
    <div
      className="tileHolder"
      onDragOver={[Function]}
      onDrop={[Function]}
    >
      <span>
        
      </span>
    </div>
    <div
      className="tileHolder"
      onDragOver={[Function]}
      onDrop={[Function]}
    >
      <span>
        
      </span>
    </div>
    <div
      className="tileHolder"
      onDragOver={[Function]}
      onDrop={[Function]}
    >
      <span>
        
      </span>
    </div>
    <div
      className="tileHolder"
      onDragOver={[Function]}
      onDrop={[Function]}
    >
      <span>
        
      </span>
    </div>
    <div
      className="tileHolder"
      onDragOver={[Function]}
      onDrop={[Function]}
    >
      <span>
        
      </span>
    </div>
    <div
      className="tileHolder"
      onDragOver={[Function]}
      onDrop={[Function]}
    >
      <span>
        
      </span>
    </div>
    <div
      className="tileHolder"
      onDragOver={[Function]}
      onDrop={[Function]}
    >
      <span>
        
      </span>
    </div>
    <div
      className="tileHolder"
      onDragOver={[Function]}
      onDrop={[Function]}
    >
      <span>
        
      </span>
    </div>
    <div
      className="tileHolder"
      onDragOver={[Function]}
      onDrop={[Function]}
    >
      <span>
        
      </span>
    </div>
    <div
      className="tileHolder"
      onDragOver={[Function]}
      onDrop={[Function]}
    >
      <span>
        
      </span>
    </div>
    <div
      className="tileHolder"
      onDragOver={[Function]}
      onDrop={[Function]}
    >
      <span>
        
      </span>
    </div>
    <div
      className="tileHolder"
      onDragOver={[Function]}
      onDrop={[Function]}
    >
      <span>
        
      </span>
    </div>
    <div
      className="tileHolder"
      onDragOver={[Function]}
      onDrop={[Function]}
    >
      <span>
        
      </span>
    </div>
    <div
      className="tileHolder"
      onDragOver={[Function]}
      onDrop={[Function]}
    >
      <span>
        
      </span>
    </div>
    <div
      className="tileHolder"
      onDragOver={[Function]}
      onDrop={[Function]}
    >
      <span>
        
      </span>
    </div>
    <div
      className="tileHolder"
      onDragOver={[Function]}
      onDrop={[Function]}
    >
      <span>
        
      </span>
    </div>
    <div
      className="tileHolder"
      onDragOver={[Function]}
      onDrop={[Function]}
    >
      <span>
        
      </span>
    </div>
    <div
      className="tileHolder"
      onDragOver={[Function]}
      onDrop={[Function]}
    >
      <span>
        
      </span>
    </div>
    <div
      className="tileHolder"
      onDragOver={[Function]}
      onDrop={[Function]}
    >
      <span>
        
      </span>
    </div>
    <div
      className="tileHolder"
      onDragOver={[Function]}
      onDrop={[Function]}
    >
      <span>
        
      </span>
    </div>
    <div
      className="tileHolder"
      onDragOver={[Function]}
      onDrop={[Function]}
    >
      <span>
        
      </span>
    </div>
    <div
      className="tileHolder"
      onDragOver={[Function]}
      onDrop={[Function]}
    >
      <span>
        
      </span>
    </div>
    <div
      className="tileHolder"
      onDragOver={[Function]}
      onDrop={[Function]}
    >
      <span>
        
      </span>
    </div>
    <div
      className="tileHolder"
      onDragOver={[Function]}
      onDrop={[Function]}
    >
      <span>
        
      </span>
    </div>
    <div
      className="tileHolder"
      onDragOver={[Function]}
      onDrop={[Function]}
    >
      <span>
        
      </span>
    </div>
    <div
      className="tileHolder"
      onDragOver={[Function]}
      onDrop={[Function]}
    >
      <span>
        
      </span>
    </div>
    <div
      className="tileHolder"
      onDragOver={[Function]}
      onDrop={[Function]}
    >
      <span>
        
      </span>
    </div>
    <div
      className="tileHolder"
      onDragOver={[Function]}
      onDrop={[Function]}
    >
      <span>
        
      </span>
    </div>
    <div
      className="tileHolder"
      onDragOver={[Function]}
      onDrop={[Function]}
    >
      <span>
        
      </span>
    </div>
    <div
      className="tileHolder"
      onDragOver={[Function]}
      onDrop={[Function]}
    >
      <span>
        
      </span>
    </div>
    <div
      className="tileHolder"
      onDragOver={[Function]}
      onDrop={[Function]}
    >
      <span>
        
      </span>
    </div>
    <div
      className="tileHolder"
      onDragOver={[Function]}
      onDrop={[Function]}
    >
      <span>
        
      </span>
    </div>
    <div
      className="tileHolder"
      onDragOver={[Function]}
      onDrop={[Function]}
    >
      <span>
        
      </span>
    </div>
    <div
      className="tileHolder"
      onDragOver={[Function]}
      onDrop={[Function]}
    >
      <span>
        
      </span>
    </div>
    <div
      className="tileHolder"
      onDragOver={[Function]}
      onDrop={[Function]}
    >
      <span>
        
      </span>
    </div>
    <div
      className="tileHolder"
      onDragOver={[Function]}
      onDrop={[Function]}
    >
      <span>
        
      </span>
    </div>
    <div
      className="tileHolder"
      onDragOver={[Function]}
      onDrop={[Function]}
    >
      <span>
        
      </span>
    </div>
    <div
      className="tileHolder"
      onDragOver={[Function]}
      onDrop={[Function]}
    >
      <span>
        
      </span>
    </div>
    <div
      className="tileHolder"
      onDragOver={[Function]}
      onDrop={[Function]}
    >
      <span>
        
      </span>
    </div>
    <div
      className="tileHolder"
      onDragOver={[Function]}
      onDrop={[Function]}
    >
      <span>
        
      </span>
    </div>
    <div
      className="tileHolder"
      onDragOver={[Function]}
      onDrop={[Function]}
    >
      <span>
        
      </span>
    </div>
    <div
      className="tileHolder"
      onDragOver={[Function]}
      onDrop={[Function]}
    >
      <span>
        
      </span>
    </div>
    <div
      className="tileHolder"
      onDragOver={[Function]}
      onDrop={[Function]}
    >
      <span>
        
      </span>
    </div>
    <div
      className="tileHolder"
      onDragOver={[Function]}
      onDrop={[Function]}
    >
      <span>
        
      </span>
    </div>
    <div
      className="tileHolder"
      onDragOver={[Function]}
      onDrop={[Function]}
    >
      <span>
        
      </span>
    </div>
    <div
      className="tileHolder"
      onDragOver={[Function]}
      onDrop={[Function]}
    >
      <span>
        
      </span>
    </div>
    <div
      className="tileHolder"
      onDragOver={[Function]}
      onDrop={[Function]}
    >
      <span>
        
      </span>
    </div>
    <div
      className="tileHolder"
      onDragOver={[Function]}
      onDrop={[Function]}
    >
      <span>
        
      </span>
    </div>
    <div
      className="tileHolder"
      onDragOver={[Function]}
      onDrop={[Function]}
    >
      <span>
        
      </span>
    </div>
    <div
      className="tileHolder"
      onDragOver={[Function]}
      onDrop={[Function]}
    >
      <span>
        
      </span>
    </div>
    <div
      className="tileHolder"
      onDragOver={[Function]}
      onDrop={[Function]}
    >
      <span>
        
      </span>
    </div>
    <div
      className="tileHolder"
      onDragOver={[Function]}
      onDrop={[Function]}
    >
      <span>
        
      </span>
    </div>
    <div
      className="tileHolder"
      onDragOver={[Function]}
      onDrop={[Function]}
    >
      <span>
        
      </span>
    </div>
    <div
      className="tileHolder"
      onDragOver={[Function]}
      onDrop={[Function]}
    >
      <span>
        
      </span>
    </div>
    <div
      className="tileHolder"
      onDragOver={[Function]}
      onDrop={[Function]}
    >
      <span>
        
      </span>
    </div>
    <div
      className="tileHolder"
      onDragOver={[Function]}
      onDrop={[Function]}
    >
      <span>
        
      </span>
    </div>
    <div
      className="tileHolder"
      onDragOver={[Function]}
      onDrop={[Function]}
    >
      <span>
        
      </span>
    </div>
    <div
      className="tileHolder"
      onDragOver={[Function]}
      onDrop={[Function]}
    >
      <span>
        
      </span>
    </div>
    <div
      className="tileHolder"
      onDragOver={[Function]}
      onDrop={[Function]}
    >
      <span>
        
      </span>
    </div>
    <div
      className="tileHolder"
      onDragOver={[Function]}
      onDrop={[Function]}
    >
      <span>
        
      </span>
    </div>
    <div
      className="tileHolder"
      onDragOver={[Function]}
      onDrop={[Function]}
    >
      <span>
        
      </span>
    </div>
    <div
      className="tileHolder"
      onDragOver={[Function]}
      onDrop={[Function]}
    >
      <span>
        
      </span>
    </div>
    <div
      className="tileHolder"
      onDragOver={[Function]}
      onDrop={[Function]}
    >
      <span>
        
      </span>
    </div>
    <div
      className="tileHolder"
      onDragOver={[Function]}
      onDrop={[Function]}
    >
      <span>
        
      </span>
    </div>
    <div
      className="tileHolder"
      onDragOver={[Function]}
      onDrop={[Function]}
    >
      <span>
        
      </span>
    </div>
    <div
      className="tileHolder"
      onDragOver={[Function]}
      onDrop={[Function]}
    >
      <span>
        
      </span>
    </div>
    <div
      className="tileHolder"
      onDragOver={[Function]}
      onDrop={[Function]}
    >
      <span>
        
      </span>
    </div>
    <div
      className="tileHolder"
      onDragOver={[Function]}
      onDrop={[Function]}
    >
      <span>
        
      </span>
    </div>
    <div
      className="tileHolder"
      onDragOver={[Function]}
      onDrop={[Function]}
    >
      <span>
        
      </span>
    </div>
    <div
      className="tileHolder"
      onDragOver={[Function]}
      onDrop={[Function]}
    >
      <span>
        
      </span>
    </div>
    <div
      className="tileHolder"
      onDragOver={[Function]}
      onDrop={[Function]}
    >
      <span>
        
      </span>
    </div>
    <div
      className="tileHolder"
      onDragOver={[Function]}
      onDrop={[Function]}
    >
      <span>
        
      </span>
    </div>
    <div
      className="tileHolder"
      onDragOver={[Function]}
      onDrop={[Function]}
    >
      <span>
        
      </span>
    </div>
    <div
      className="tileHolder"
      onDragOver={[Function]}
      onDrop={[Function]}
    >
      <span>
        
      </span>
    </div>
    <div
      className="tileHolder"
      onDragOver={[Function]}
      onDrop={[Function]}
    >
      <span>
        
      </span>
    </div>
    <div
      className="tileHolder"
      onDragOver={[Function]}
      onDrop={[Function]}
    >
      <span>
        
      </span>
    </div>
    <div
      className="tileHolder"
      onDragOver={[Function]}
      onDrop={[Function]}
    >
      <span>
        
      </span>
    </div>
    <div
      className="tileHolder"
      onDragOver={[Function]}
      onDrop={[Function]}
    >
      <span>
        
      </span>
    </div>
    <div
      className="tileHolder"
      onDragOver={[Function]}
      onDrop={[Function]}
    >
      <span>
        
      </span>
    </div>
    <div
      className="tileHolder"
      onDragOver={[Function]}
      onDrop={[Function]}
    >
      <span>
        
      </span>
    </div>
    <div
      className="tileHolder"
      onDragOver={[Function]}
      onDrop={[Function]}
    >
      <span>
        
      </span>
    </div>
    <div
      className="tileHolder"
      onDragOver={[Function]}
      onDrop={[Function]}
    >
      <span>
        
      </span>
    </div>
    <div
      className="tileHolder"
      onDragOver={[Function]}
      onDrop={[Function]}
    >
      <span>
        
      </span>
    </div>
    <div
      className="tileHolder"
      onDragOver={[Function]}
      onDrop={[Function]}
    >
      <span>
        
      </span>
    </div>
    <div
      className="tileHolder"
      onDragOver={[Function]}
      onDrop={[Function]}
    >
      <span>
        
      </span>
    </div>
    <div
      className="tileHolder"
      onDragOver={[Function]}
      onDrop={[Function]}
    >
      <span>
        
      </span>
    </div>
    <div
      className="tileHolder"
      onDragOver={[Function]}
      onDrop={[Function]}
    >
      <span>
        
      </span>
    </div>
    <div
      className="tileHolder"
      onDragOver={[Function]}
      onDrop={[Function]}
    >
      <span>
        
      </span>
    </div>
    <div
      className="tileHolder"
      onDragOver={[Function]}
      onDrop={[Function]}
    >
      <span>
        
      </span>
    </div>
    <div
      className="tileHolder"
      onDragOver={[Function]}
      onDrop={[Function]}
    >
      <span>
        
      </span>
    </div>
    <div
      className="tileHolder"
      onDragOver={[Function]}
      onDrop={[Function]}
    >
      <span>
        
      </span>
    </div>
    <div
      className="tileHolder"
      onDragOver={[Function]}
      onDrop={[Function]}
    >
      <span>
        
      </span>
    </div>
    <div
      className="tileHolder"
      onDragOver={[Function]}
      onDrop={[Function]}
    >
      <span>
        
      </span>
    </div>
    <div
      className="tileHolder"
      onDragOver={[Function]}
      onDrop={[Function]}
    >
      <span>
        
      </span>
    </div>
    <div
      className="tileHolder"
      onDragOver={[Function]}
      onDrop={[Function]}
    >
      <span>
        
      </span>
    </div>
    <div
      className="tileHolder"
      onDragOver={[Function]}
      onDrop={[Function]}
    >
      <span>
        
      </span>
    </div>
    <div
      className="tileHolder"
      onDragOver={[Function]}
      onDrop={[Function]}
    >
      <span>
        
      </span>
    </div>
    <div
      className="tileHolder"
      onDragOver={[Function]}
      onDrop={[Function]}
    >
      <span>
        
      </span>
    </div>
    <div
      className="tileHolder"
      onDragOver={[Function]}
      onDrop={[Function]}
    >
      <span>
        
      </span>
    </div>
    <div
      className="tileHolder"
      onDragOver={[Function]}
      onDrop={[Function]}
    >
      <span>
        
      </span>
    </div>
    <div
      className="tileHolder"
      onDragOver={[Function]}
      onDrop={[Function]}
    >
      <span>
        
      </span>
    </div>
    <div
      className="tileHolder"
      onDragOver={[Function]}
      onDrop={[Function]}
    >
      <span>
        
      </span>
    </div>
    <div
      className="tileHolder"
      onDragOver={[Function]}
      onDrop={[Function]}
    >
      <span>
        
      </span>
    </div>
    <div
      className="tileHolder"
      onDragOver={[Function]}
      onDrop={[Function]}
    >
      <span>
        
      </span>
    </div>
    <div
      className="tileHolder"
      onDragOver={[Function]}
      onDrop={[Function]}
    >
      <span>
        
      </span>
    </div>
    <div
      className="tileHolder"
      onDragOver={[Function]}
      onDrop={[Function]}
    >
      <span>
        
      </span>
    </div>
    <div
      className="tileHolder"
      onDragOver={[Function]}
      onDrop={[Function]}
    >
      <span>
        
      </span>
    </div>
    <div
      className="tileHolder"
      onDragOver={[Function]}
      onDrop={[Function]}
    >
      <span>
        
      </span>
    </div>
    <div
      className="tileHolder"
      onDragOver={[Function]}
      onDrop={[Function]}
    >
      <span>
        
      </span>
    </div>
    <div
      className="tileHolder"
      onDragOver={[Function]}
      onDrop={[Function]}
    >
      <span>
        
      </span>
    </div>
    <div
      className="tileHolder"
      onDragOver={[Function]}
      onDrop={[Function]}
    >
      <span>
        
      </span>
    </div>
    <div
      className="tileHolder"
      onDragOver={[Function]}
      onDrop={[Function]}
    >
      <span>
        
      </span>
    </div>
    <div
      className="tileHolder"
      onDragOver={[Function]}
      onDrop={[Function]}
    >
      <span>
        
      </span>
    </div>
    <div
      className="tileHolder"
      onDragOver={[Function]}
      onDrop={[Function]}
    >
      <span>
        
      </span>
    </div>
    <div
      className="tileHolder"
      onDragOver={[Function]}
      onDrop={[Function]}
    >
      <span>
        
      </span>
    </div>
    <div
      className="tileHolder"
      onDragOver={[Function]}
      onDrop={[Function]}
    >
      <span>
        
      </span>
    </div>
    <div
      className="tileHolder"
      onDragOver={[Function]}
      onDrop={[Function]}
    >
      <span>
        
      </span>
    </div>
    <div
      className="tileHolder"
      onDragOver={[Function]}
      onDrop={[Function]}
    >
      <span>
        
      </span>
    </div>
    <div
      className="tileHolder"
      onDragOver={[Function]}
      onDrop={[Function]}
    >
      <span>
        
      </span>
    </div>
    <div
      className="tileHolder"
      onDragOver={[Function]}
      onDrop={[Function]}
    >
      <span>
        
      </span>
    </div>
    <div
      className="tileHolder"
      onDragOver={[Function]}
      onDrop={[Function]}
    >
      <span>
        
      </span>
    </div>
    <div
      className="tileHolder"
      onDragOver={[Function]}
      onDrop={[Function]}
    >
      <span>
        
      </span>
    </div>
    <div
      className="tileHolder"
      onDragOver={[Function]}
      onDrop={[Function]}
    >
      <span>
        
      </span>
    </div>
    <div
      className="tileHolder"
      onDragOver={[Function]}
      onDrop={[Function]}
    >
      <span>
        
      </span>
    </div>
    <div
      className="tileHolder"
      onDragOver={[Function]}
      onDrop={[Function]}
    >
      <span>
        
      </span>
    </div>
    <div
      className="tileHolder"
      onDragOver={[Function]}
      onDrop={[Function]}
    >
      <span>
        
      </span>
    </div>
    <div
      className="tileHolder"
      onDragOver={[Function]}
      onDrop={[Function]}
    >
      <span>
        
      </span>
    </div>
    <div
      className="tileHolder"
      onDragOver={[Function]}
      onDrop={[Function]}
    >
      <span>
        
      </span>
    </div>
    <div
      className="tileHolder"
      onDragOver={[Function]}
      onDrop={[Function]}
    >
      <span>
        
      </span>
    </div>
    <div
      className="tileHolder"
      onDragOver={[Function]}
      onDrop={[Function]}
    >
      <span>
        
      </span>
    </div>
    <div
      className="tileHolder"
      onDragOver={[Function]}
      onDrop={[Function]}
    >
      <span>
        
      </span>
    </div>
    <div
      className="tileHolder"
      onDragOver={[Function]}
      onDrop={[Function]}
    >
      <span>
        
      </span>
    </div>
    <div
      className="tileHolder"
      onDragOver={[Function]}
      onDrop={[Function]}
    >
      <span>
        
      </span>
    </div>
    <div
      className="tileHolder"
      onDragOver={[Function]}
      onDrop={[Function]}
    >
      <span>
        
      </span>
    </div>
    <div
      className="tileHolder"
      onDragOver={[Function]}
      onDrop={[Function]}
    >
      <span>
        
      </span>
    </div>
    <div
      className="tileHolder"
      onDragOver={[Function]}
      onDrop={[Function]}
    >
      <span>
        
      </span>
    </div>
    <div
      className="tileHolder"
      onDragOver={[Function]}
      onDrop={[Function]}
    >
      <span>
        
      </span>
    </div>
    <div
      className="tileHolder"
      onDragOver={[Function]}
      onDrop={[Function]}
    >
      <span>
        
      </span>
    </div>
    <div
      className="tileHolder"
      onDragOver={[Function]}
      onDrop={[Function]}
    >
      <span>
        
      </span>
    </div>
    <div
      className="tileHolder"
      onDragOver={[Function]}
      onDrop={[Function]}
    >
      <span>
        
      </span>
    </div>
    <div
      className="tileHolder"
      onDragOver={[Function]}
      onDrop={[Function]}
    >
      <span>
        
      </span>
    </div>
    <div
      className="tileHolder"
      onDragOver={[Function]}
      onDrop={[Function]}
    >
      <span>
        
      </span>
    </div>
    <div
      className="tileHolder"
      onDragOver={[Function]}
      onDrop={[Function]}
    >
      <span>
        
      </span>
    </div>
    <div
      className="tileHolder"
      onDragOver={[Function]}
      onDrop={[Function]}
    >
      <span>
        
      </span>
    </div>
    <div
      className="tileHolder"
      onDragOver={[Function]}
      onDrop={[Function]}
    >
      <span>
        
      </span>
    </div>
    <div
      className="tileHolder"
      onDragOver={[Function]}
      onDrop={[Function]}
    >
      <span>
        
      </span>
    </div>
    <div
      className="tileHolder"
      onDragOver={[Function]}
      onDrop={[Function]}
    >
      <span>
        
      </span>
    </div>
    <div
      className="tileHolder"
      onDragOver={[Function]}
      onDrop={[Function]}
    >
      <span>
        
      </span>
    </div>
    <div
      className="tileHolder"
      onDragOver={[Function]}
      onDrop={[Function]}
    >
      <span>
        
      </span>
    </div>
    <div
      className="tileHolder"
      onDragOver={[Function]}
      onDrop={[Function]}
    >
      <span>
        
      </span>
    </div>
    <div
      className="tileHolder"
      onDragOver={[Function]}
      onDrop={[Function]}
    >
      <span>
        
      </span>
    </div>
    <div
      className="tileHolder"
      onDragOver={[Function]}
      onDrop={[Function]}
    >
      <span>
        
      </span>
    </div>
    <div
      className="tileHolder"
      onDragOver={[Function]}
      onDrop={[Function]}
    >
      <span>
        
      </span>
    </div>
    <div
      className="tileHolder"
      onDragOver={[Function]}
      onDrop={[Function]}
    >
      <span>
        
      </span>
    </div>
    <div
      className="tileHolder"
      onDragOver={[Function]}
      onDrop={[Function]}
    >
      <span>
        
      </span>
    </div>
    <div
      className="tileHolder"
      onDragOver={[Function]}
      onDrop={[Function]}
    >
      <span>
        
      </span>
    </div>
    <div
      className="tileHolder"
      onDragOver={[Function]}
      onDrop={[Function]}
    >
      <span>
        
      </span>
    </div>
    <div
      className="tileHolder"
      onDragOver={[Function]}
      onDrop={[Function]}
    >
      <span>
        
      </span>
    </div>
    <div
      className="tileHolder"
      onDragOver={[Function]}
      onDrop={[Function]}
    >
      <span>
        
      </span>
    </div>
    <div
      className="tileHolder"
      onDragOver={[Function]}
      onDrop={[Function]}
    >
      <span>
        
      </span>
    </div>
    <div
      className="tileHolder"
      onDragOver={[Function]}
      onDrop={[Function]}
    >
      <span>
        
      </span>
    </div>
  </div>
  <div
    className="tileHand"
  >
    <div
      className="tileHolder"
      onDragOver={[Function]}
      onDrop={[Function]}
    >
      <div
        className="tileContainer"
        draggable={undefined}
        onDragEnd={[Function]}
        onDragStart={[Function]}
      >
        <div
          className="tile"
        >
          <span
            className="points"
          >
            1
          </span>
          <span
            className="letter"
          >
            I
          </span>
        </div>
      </div>
    </div>
    <div
      className="tileHolder"
      onDragOver={[Function]}
      onDrop={[Function]}
    >
      <div
        className="tileContainer"
        draggable={undefined}
        onDragEnd={[Function]}
        onDragStart={[Function]}
      >
        <div
          className="tile"
        >
          <span
            className="points"
          >
            4
          </span>
          <span
            className="letter"
          >
            M
          </span>
        </div>
      </div>
    </div>
    <div
      className="tileHolder"
      onDragOver={[Function]}
      onDrop={[Function]}
    >
      <div
        className="tileContainer"
        draggable={undefined}
        onDragEnd={[Function]}
        onDragStart={[Function]}
      >
        <div
          className="tile"
        >
          <span
            className="points"
          >
            1
          </span>
          <span
            className="letter"
          >
            I
          </span>
        </div>
      </div>
    </div>
    <div
      className="tileHolder"
      onDragOver={[Function]}
      onDrop={[Function]}
    >
      <div
        className="tileContainer"
        draggable={undefined}
        onDragEnd={[Function]}
        onDragStart={[Function]}
      >
        <div
          className="tile"
        >
          <span
            className="points"
          >
            4
          </span>
          <span
            className="letter"
          >
            M
          </span>
        </div>
      </div>
    </div>
    <div
      className="tileHolder"
      onDragOver={[Function]}
      onDrop={[Function]}
    >
      <div
        className="tileContainer"
        draggable={undefined}
        onDragEnd={[Function]}
        onDragStart={[Function]}
      >
        <div
          className="tile"
        >
          <span
            className="points"
          >
            1
          </span>
          <span
            className="letter"
          >
            I
          </span>
        </div>
      </div>
    </div>
    <div
      className="tileHolder"
      onDragOver={[Function]}
      onDrop={[Function]}
    >
      <div
        className="tileContainer"
        draggable={undefined}
        onDragEnd={[Function]}
        onDragStart={[Function]}
      >
        <div
          className="tile"
        >
          <span
            className="points"
          >
            2
          </span>
          <span
            className="letter"
          >
            N
          </span>
        </div>
      </div>
    </div>
    <div
      className="tileHolder"
      onDragOver={[Function]}
      onDrop={[Function]}
    >
      <div
        className="tileContainer"
        draggable={undefined}
        onDragEnd={[Function]}
        onDragStart={[Function]}
      >
        <div
          className="tile"
        >
          <span
            className="points"
          >
            1
          </span>
          <span
            className="letter"
          >
            I
          </span>
        </div>
      </div>
    </div>
  </div>
  <button
    id="controls"
    onClick={[Function]}
    type="button"
  >
    Play
  </button>
</div>
`;
